LAMMPS (7 Aug 2019)
OMP_NUM_THREADS environment is not set. Defaulting to 1 thread. (src/comm.cpp:93)
  using 1 OpenMP thread(s) per MPI task
Reading data file ...
ERROR: Unknown identifier in data file: 0  crossterms (src/read_data.cpp:1182)
Last command: read_data "system.data"
